// Jest Snapshot v1, https://goo.gl/fbAQLP

exports[`importDIPSProfiling 1`] = `
Object {
  "frames": Array [
    Frame {
      "col": undefined,
      "file": "App-58@vt-irq0-srv01",
      "key": "App-58@vt-irq0-srv01;DFS/FS/AuditFhirFormatBatchPublisher/PublishAllAuditEventsAsync",
      "line": undefined,
      "name": "DFS/FS/AuditFhirFormatBatchPublisher/PublishAllAuditEventsAsync",
      "selfWeight": 0,
      "totalWeight": 49,
    },
    Frame {
      "col": undefined,
      "file": "App-58@vt-irq0-srv01",
      "key": "App-58@vt-irq0-srv01;DFS/FS/AuditFhirFormatBatchPublisher/PublishLogsInternalAsync",
      "line": undefined,
      "name": "DFS/FS/AuditFhirFormatBatchPublisher/PublishLogsInternalAsync",
      "selfWeight": 0,
      "totalWeight": 49,
    },
    Frame {
      "col": undefined,
      "file": "App-58@vt-irq0-srv01",
      "key": "App-58@vt-irq0-srv01;DFS/FS/AuditEventPublisher/PostAuditEventAsync",
      "line": undefined,
      "name": "DFS/FS/AuditEventPublisher/PostAuditEventAsync",
      "selfWeight": 2,
      "totalWeight": 49,
    },
    Frame {
      "col": undefined,
      "file": "App-58@vt-irq0-srv01",
      "key": "App-58@vt-irq0-srv01;DFS/FS/AuditEventPublisher/PostAuditEventAsync.HttpCall",
      "line": undefined,
      "name": "DFS/FS/AuditEventPublisher/PostAuditEventAsync.HttpCall",
      "selfWeight": 47,
      "totalWeight": 47,
    },
  ],
  "name": "Group 1",
  "stacks": Array [
    "DFS/FS/AuditFhirFormatBatchPublisher/PublishAllAuditEventsAsync;DFS/FS/AuditFhirFormatBatchPublisher/PublishLogsInternalAsync;DFS/FS/AuditEventPublisher/PostAuditEventAsync 2",
    "DFS/FS/AuditFhirFormatBatchPublisher/PublishAllAuditEventsAsync;DFS/FS/AuditFhirFormatBatchPublisher/PublishLogsInternalAsync;DFS/FS/AuditEventPublisher/PostAuditEventAsync;DFS/FS/AuditEventPublisher/PostAuditEventAsync.HttpCall 47",
  ],
}
`;

exports[`importDIPSProfiling error out of order 1`] = `
Object {
  "frames": Array [
    Frame {
      "col": undefined,
      "file": "App-58@vt-irq0-srv01",
      "key": "App-58@vt-irq0-srv01;REST/Server//dips.oauth/identity/connect/token/POST",
      "line": undefined,
      "name": "REST/Server//dips.oauth/identity/connect/token/POST",
      "selfWeight": 45,
      "totalWeight": 56,
    },
    Frame {
      "col": undefined,
      "file": "App-58@vt-irq0-srv01",
      "key": "App-58@vt-irq0-srv01;DFS/FS/ClientV3Store/FindClientByClientIdAsync",
      "line": undefined,
      "name": "DFS/FS/ClientV3Store/FindClientByClientIdAsync",
      "selfWeight": 0,
      "totalWeight": 0,
    },
    Frame {
      "col": undefined,
      "file": "App-58@vt-irq0-srv01",
      "key": "App-58@vt-irq0-srv01;DFS/FS/ScopeV3Store/GetAllScopesAsync",
      "line": undefined,
      "name": "DFS/FS/ScopeV3Store/GetAllScopesAsync",
      "selfWeight": 0,
      "totalWeight": 0,
    },
    Frame {
      "col": undefined,
      "file": "App-58@vt-irq0-srv01",
      "key": "App-58@vt-irq0-srv01;DFS/FS/ScopeV3Store/TryGetFromCacheAsync",
      "line": undefined,
      "name": "DFS/FS/ScopeV3Store/TryGetFromCacheAsync",
      "selfWeight": 0,
      "totalWeight": 0,
    },
    Frame {
      "col": undefined,
      "file": "App-58@vt-irq0-srv01",
      "key": "App-58@vt-irq0-srv01;DFS/FS/ScopeV3Store/FindScopesAsync",
      "line": undefined,
      "name": "DFS/FS/ScopeV3Store/FindScopesAsync",
      "selfWeight": 0,
      "totalWeight": 0,
    },
    Frame {
      "col": undefined,
      "file": "App-58@vt-irq0-srv01",
      "key": "App-58@vt-irq0-srv01;DFS/FS/IssuerIncomingClaimMappingResolver/GetSessionInternal",
      "line": undefined,
      "name": "DFS/FS/IssuerIncomingClaimMappingResolver/GetSessionInternal",
      "selfWeight": 2,
      "totalWeight": 9,
    },
    Frame {
      "col": undefined,
      "file": "App-58@vt-irq0-srv01",
      "key": "App-58@vt-irq0-srv01;DFS/FS/IssuerIncomingClaimMappingResolver/GetUserFromIssuerSettingsAsync",
      "line": undefined,
      "name": "DFS/FS/IssuerIncomingClaimMappingResolver/GetUserFromIssuerSettingsAsync",
      "selfWeight": 0,
      "totalWeight": 2,
    },
    Frame {
      "col": undefined,
      "file": "App-58@vt-irq0-srv01",
      "key": "App-58@vt-irq0-srv01;DFS/FS/IssuerIncomingClaimMappingResolver/GetClaimMappings",
      "line": undefined,
      "name": "DFS/FS/IssuerIncomingClaimMappingResolver/GetClaimMappings",
      "selfWeight": 0,
      "totalWeight": 0,
    },
    Frame {
      "col": undefined,
      "file": "App-58@vt-irq0-srv01",
      "key": "App-58@vt-irq0-srv01;DFS/FS/IssuerIncomingClaimMappingResolver/GetClaimsFromPrincipal",
      "line": undefined,
      "name": "DFS/FS/IssuerIncomingClaimMappingResolver/GetClaimsFromPrincipal",
      "selfWeight": 0,
      "totalWeight": 0,
    },
    Frame {
      "col": undefined,
      "file": "App-58@vt-irq0-srv01",
      "key": "App-58@vt-irq0-srv01;DFS/FS/IssuerIncomingClaimMappingResolver/GetUserByMappingClaim",
      "line": undefined,
      "name": "DFS/FS/IssuerIncomingClaimMappingResolver/GetUserByMappingClaim",
      "selfWeight": 0,
      "totalWeight": 2,
    },
    Frame {
      "col": undefined,
      "file": "App-58@vt-irq0-srv01",
      "key": "App-58@vt-irq0-srv01;DFS/FS/UserDBStorage/GetUserBySignatureAsync",
      "line": undefined,
      "name": "DFS/FS/UserDBStorage/GetUserBySignatureAsync",
      "selfWeight": 1,
      "totalWeight": 3,
    },
    Frame {
      "col": undefined,
      "file": "App-58@vt-irq0-srv01",
      "key": "App-58@vt-irq0-srv01;Database",
      "line": undefined,
      "name": "Database",
      "selfWeight": 1,
      "totalWeight": 6,
    },
    Frame {
      "col": undefined,
      "file": "App-58@vt-irq0-srv01",
      "key": "App-58@vt-irq0-srv01;Database/ExecuteReader",
      "line": undefined,
      "name": "Database/ExecuteReader",
      "selfWeight": 4,
      "totalWeight": 4,
    },
    Frame {
      "col": undefined,
      "file": "App-58@vt-irq0-srv01",
      "key": "App-58@vt-irq0-srv01;Database/Read",
      "line": undefined,
      "name": "Database/Read",
      "selfWeight": 1,
      "totalWeight": 1,
    },
    Frame {
      "col": undefined,
      "file": "App-58@vt-irq0-srv01",
      "key": "App-58@vt-irq0-srv01;DFS/FS/IssuerIncomingClaimMappingResolver/GetUserRoleForUser",
      "line": undefined,
      "name": "DFS/FS/IssuerIncomingClaimMappingResolver/GetUserRoleForUser",
      "selfWeight": 0,
      "totalWeight": 1,
    },
    Frame {
      "col": undefined,
      "file": "App-58@vt-irq0-srv01",
      "key": "App-58@vt-irq0-srv01;DFS/FS/UserDBStorage/GetUserRolesBySignatureAsync",
      "line": undefined,
      "name": "DFS/FS/UserDBStorage/GetUserRolesBySignatureAsync",
      "selfWeight": 0,
      "totalWeight": 1,
    },
    Frame {
      "col": undefined,
      "file": "App-58@vt-irq0-srv01",
      "key": "App-58@vt-irq0-srv01;DFS/FS/UserSessionCreator/GetOrCreateUserSession",
      "line": undefined,
      "name": "DFS/FS/UserSessionCreator/GetOrCreateUserSession",
      "selfWeight": 1,
      "totalWeight": 4,
    },
    Frame {
      "col": undefined,
      "file": "App-58@vt-irq0-srv01",
      "key": "App-58@vt-irq0-srv01;DFS/FS/AuditHelper/LogSessionCreationAsync",
      "line": undefined,
      "name": "DFS/FS/AuditHelper/LogSessionCreationAsync",
      "selfWeight": 1,
      "totalWeight": 1,
    },
    Frame {
      "col": undefined,
      "file": "App-58@vt-irq0-srv01",
      "key": "App-58@vt-irq0-srv01;DFS/FS/AuditHelper/GetDefaultIdentityServerAuditEvent",
      "line": undefined,
      "name": "DFS/FS/AuditHelper/GetDefaultIdentityServerAuditEvent",
      "selfWeight": 0,
      "totalWeight": 0,
    },
    Frame {
      "col": undefined,
      "file": "App-58@vt-irq0-srv01",
      "key": "App-58@vt-irq0-srv01;DFS/FS/AuditHelper/GetUserInfo",
      "line": undefined,
      "name": "DFS/FS/AuditHelper/GetUserInfo",
      "selfWeight": 0,
      "totalWeight": 0,
    },
    Frame {
      "col": undefined,
      "file": "App-58@vt-irq0-srv01",
      "key": "App-58@vt-irq0-srv01;DFS/FS/AuditServiceClientEventManager/CreateAuditEventAsync",
      "line": undefined,
      "name": "DFS/FS/AuditServiceClientEventManager/CreateAuditEventAsync",
      "selfWeight": 0,
      "totalWeight": 0,
    },
    Frame {
      "col": undefined,
      "file": "App-58@vt-irq0-srv01",
      "key": "App-58@vt-irq0-srv01;DFS/FS/AuditFhirFormatBatchPublisher/PublishAsync",
      "line": undefined,
      "name": "DFS/FS/AuditFhirFormatBatchPublisher/PublishAsync",
      "selfWeight": 0,
      "totalWeight": 0,
    },
    Frame {
      "col": undefined,
      "file": "App-58@vt-irq0-srv01",
      "key": "App-58@vt-irq0-srv01;DFS/FS/AuditFhirFormatBatchPublisher/PublishAsync.ToFhirAuditEvent",
      "line": undefined,
      "name": "DFS/FS/AuditFhirFormatBatchPublisher/PublishAsync.ToFhirAuditEvent",
      "selfWeight": 0,
      "totalWeight": 0,
    },
  ],
  "name": "Group 1",
  "stacks": Array [
    "REST/Server//dips.oauth/identity/connect/token/POST 8",
    "REST/Server//dips.oauth/identity/connect/token/POST;DFS/FS/IssuerIncomingClaimMappingResolver/GetSessionInternal;DFS/FS/IssuerIncomingClaimMappingResolver/GetUserFromIssuerSettingsAsync;DFS/FS/IssuerIncomingClaimMappingResolver/GetUserByMappingClaim;DFS/FS/UserDBStorage/GetUserBySignatureAsync;Database;Database/ExecuteReader 1",
    "REST/Server//dips.oauth/identity/connect/token/POST;DFS/FS/IssuerIncomingClaimMappingResolver/GetSessionInternal;DFS/FS/IssuerIncomingClaimMappingResolver/GetUserFromIssuerSettingsAsync;DFS/FS/IssuerIncomingClaimMappingResolver/GetUserByMappingClaim;DFS/FS/UserDBStorage/GetUserBySignatureAsync 1",
    "REST/Server//dips.oauth/identity/connect/token/POST;DFS/FS/IssuerIncomingClaimMappingResolver/GetSessionInternal 1",
    "REST/Server//dips.oauth/identity/connect/token/POST;DFS/FS/IssuerIncomingClaimMappingResolver/GetSessionInternal;DFS/FS/IssuerIncomingClaimMappingResolver/GetUserRoleForUser;DFS/FS/UserDBStorage/GetUserRolesBySignatureAsync;Database;Database/Read 1",
    "REST/Server//dips.oauth/identity/connect/token/POST;DFS/FS/IssuerIncomingClaimMappingResolver/GetSessionInternal;DFS/FS/UserSessionCreator/GetOrCreateUserSession 1",
    "REST/Server//dips.oauth/identity/connect/token/POST;DFS/FS/IssuerIncomingClaimMappingResolver/GetSessionInternal;DFS/FS/UserSessionCreator/GetOrCreateUserSession;Database;Database/ExecuteReader 3",
    "REST/Server//dips.oauth/identity/connect/token/POST;DFS/FS/IssuerIncomingClaimMappingResolver/GetSessionInternal 1",
    "REST/Server//dips.oauth/identity/connect/token/POST 1",
    "REST/Server//dips.oauth/identity/connect/token/POST;DFS/FS/AuditHelper/LogSessionCreationAsync 1",
    "REST/Server//dips.oauth/identity/connect/token/POST;DFS/FS/UserDBStorage/GetUserBySignatureAsync;Database 1",
    "REST/Server//dips.oauth/identity/connect/token/POST 36",
  ],
}
`;

exports[`importDIPSProfiling error out of order: indexToView 1`] = `0`;

exports[`importDIPSProfiling error out of order: profileGroup.name 1`] = `"out-of-order-profiling.log"`;

exports[`importDIPSProfiling: indexToView 1`] = `0`;

exports[`importDIPSProfiling: profileGroup.name 1`] = `"simple-profiling.log"`;
